
There are no discarded input sections

Memory Configuration

Name             Origin             Length             Attributes
FLASH            0x08000000         0x00008000         xr
SRAM             0x20000000         0x00003000         xrw
*default*        0x00000000         0xffffffff

Linker script and memory map

LOAD main.o
LOAD startup.o
START GROUP
LOAD C:/ST/STM32CubeIDE_1.18.0/STM32CubeIDE/plugins/com.st.stm32cube.ide.mcu.externaltools.gnu-tools-for-stm32.13.3.rel1.win32_1.0.0.202411081344/tools/bin/../lib/gcc/arm-none-eabi/13.3.1\libgcc.a
LOAD C:/ST/STM32CubeIDE_1.18.0/STM32CubeIDE/plugins/com.st.stm32cube.ide.mcu.externaltools.gnu-tools-for-stm32.13.3.rel1.win32_1.0.0.202411081344/tools/bin/../lib/gcc/arm-none-eabi/13.3.1/../../../../arm-none-eabi/lib\libc.a
END GROUP

.vec_table      0x08000000       0x10
                0x08000000                        . = ALIGN (0x4)
 *(.vec_table)
 .vec_table     0x08000000       0x10 startup.o
                0x08000000                vectors
                0x08000010                        . = ALIGN (0x4)

.text           0x08000010       0xe0
                0x08000010                        . = ALIGN (0x4)
 *(.text)
 .text          0x08000010       0x64 main.o
                0x08000010                main
 .text          0x08000074       0x7c startup.o
                0x08000074                Reset_Handler
                0x080000e8                HardFault_Handler
                0x080000f0                        . = ALIGN (0x4)

.glue_7         0x080000f0        0x0
 .glue_7        0x080000f0        0x0 linker stubs

.glue_7t        0x080000f0        0x0
 .glue_7t       0x080000f0        0x0 linker stubs

.vfp11_veneer   0x080000f0        0x0
 .vfp11_veneer  0x080000f0        0x0 linker stubs

.v4_bx          0x080000f0        0x0
 .v4_bx         0x080000f0        0x0 linker stubs

.iplt           0x080000f0        0x0
 .iplt          0x080000f0        0x0 main.o

.rel.dyn        0x080000f0        0x0
 .rel.iplt      0x080000f0        0x0 main.o

.data           0x20000000       0x14 load address 0x080000f0
                0x20000000                        _sdata = .
 *(.data)
 .data          0x20000000       0x14 main.o
                0x20000000                a
                0x20000004                b
                0x20000008                c
                0x2000000c                d
                0x20000010                e
 .data          0x20000014        0x0 startup.o
                0x20000014                        _edata = .
                0x080000f0                        _ld_data = LOADADDR (.data)

.igot.plt       0x20000014        0x0 load address 0x08000104
 .igot.plt      0x20000014        0x0 main.o

.bss            0x20000014        0x0 load address 0x08000104
                0x20000014                        _sbss = .
 *(.bss)
 .bss           0x20000014        0x0 main.o
 .bss           0x20000014        0x0 startup.o
                0x20000014                        _ebss = .
OUTPUT(main.elf elf32-littlearm)
LOAD linker stubs

.debug_info     0x00000000      0x22d
 .debug_info    0x00000000       0xa1 main.o
 .debug_info    0x000000a1      0x18c startup.o

.debug_abbrev   0x00000000      0x15f
 .debug_abbrev  0x00000000       0x60 main.o
 .debug_abbrev  0x00000060       0xff startup.o

.debug_aranges  0x00000000       0x40
 .debug_aranges
                0x00000000       0x20 main.o
 .debug_aranges
                0x00000020       0x20 startup.o

.debug_line     0x00000000      0x2d6
 .debug_line    0x00000000       0x68 main.o
 .debug_line    0x00000068      0x26e startup.o

.debug_str      0x00000000      0x17a
 .debug_str     0x00000000      0x17a main.o
                                 0x9b (size before relaxing)
 .debug_str     0x0000017a      0x1a7 startup.o

.comment        0x00000000       0x43
 .comment       0x00000000       0x43 main.o
                                 0x44 (size before relaxing)
 .comment       0x00000043       0x44 startup.o

.ARM.attributes
                0x00000000       0x2c
 .ARM.attributes
                0x00000000       0x2c main.o
 .ARM.attributes
                0x0000002c       0x2c startup.o

.debug_frame    0x00000000       0x7c
 .debug_frame   0x00000000       0x30 main.o
 .debug_frame   0x00000030       0x4c startup.o
