
There are no discarded input sections

Memory Configuration

Name             Origin             Length             Attributes
FLASH            0x08000000         0x00008000         xr
SRAM             0x20000000         0x00003000         xrw
*default*        0x00000000         0xffffffff

Linker script and memory map

LOAD main.o
LOAD startup.o
START GROUP
LOAD C:/ST/STM32CubeIDE_1.18.0/STM32CubeIDE/plugins/com.st.stm32cube.ide.mcu.externaltools.gnu-tools-for-stm32.13.3.rel1.win32_1.0.0.202411081344/tools/bin/../lib/gcc/arm-none-eabi/13.3.1\libgcc.a
LOAD C:/ST/STM32CubeIDE_1.18.0/STM32CubeIDE/plugins/com.st.stm32cube.ide.mcu.externaltools.gnu-tools-for-stm32.13.3.rel1.win32_1.0.0.202411081344/tools/bin/../lib/gcc/arm-none-eabi/13.3.1/../../../../arm-none-eabi/lib\libc.a
END GROUP

.vec_table      0x08000000       0x90
                0x08000000                        . = ALIGN (0x4)
 *(.vec_table)
 .vec_table     0x08000000       0x90 startup.o
                0x08000000                vectors
                0x08000090                        . = ALIGN (0x4)

.text           0x08000090      0x2d8
                0x08000090                        . = ALIGN (0x4)
 *(.text)
 .text          0x08000090      0x218 main.o
                0x08000090                main
                0x080001ec                EXTI415_Callback
                0x08000218                TIM14_Callback
                0x0800028c                set_brightness
 .text          0x080002a8       0xc0 startup.o
                0x080002a8                Reset_Handler
                0x0800031c                HardFault_Handler
                0x08000324                SysTick_Handler
                0x0800033c                delay
                0x08000368                        . = ALIGN (0x4)

.rodata         0x08000368       0xc8
 .rodata        0x08000368       0xc8 main.o
                0x08000368                sine_lut

.glue_7         0x08000430        0x0
 .glue_7        0x08000430        0x0 linker stubs

.glue_7t        0x08000430        0x0
 .glue_7t       0x08000430        0x0 linker stubs

.vfp11_veneer   0x08000430        0x0
 .vfp11_veneer  0x08000430        0x0 linker stubs

.v4_bx          0x08000430        0x0
 .v4_bx         0x08000430        0x0 linker stubs

.iplt           0x08000430        0x0
 .iplt          0x08000430        0x0 main.o

.rel.dyn        0x08000430        0x0
 .rel.iplt      0x08000430        0x0 main.o

.data           0x20000000        0x0 load address 0x08000430
                0x20000000                        _sdata = .
 *(.data)
 .data          0x20000000        0x0 main.o
 .data          0x20000000        0x0 startup.o
                0x20000000                        _edata = .
                0x08000430                        _ld_data = LOADADDR (.data)

.igot.plt       0x20000000        0x0 load address 0x08000430
 .igot.plt      0x20000000        0x0 main.o

.bss            0x20000000        0xc load address 0x08000430
                0x20000000                        _sbss = .
 *(.bss)
 .bss           0x20000000        0x8 main.o
                0x20000000                button_state
                0x20000001                brightness
 .bss           0x20000008        0x4 startup.o
                0x20000008                counter
                0x2000000c                        _ebss = .
OUTPUT(main.elf elf32-littlearm)
LOAD linker stubs

.debug_info     0x00000000      0x391
 .debug_info    0x00000000      0x1a4 main.o
 .debug_info    0x000001a4      0x1ed startup.o

.debug_abbrev   0x00000000      0x26a
 .debug_abbrev  0x00000000      0x120 main.o
 .debug_abbrev  0x00000120      0x14a startup.o

.debug_aranges  0x00000000       0x40
 .debug_aranges
                0x00000000       0x20 main.o
 .debug_aranges
                0x00000020       0x20 startup.o

.debug_line     0x00000000      0x58e
 .debug_line    0x00000000      0x305 main.o
 .debug_line    0x00000305      0x289 startup.o

.debug_str      0x00000000      0x213
 .debug_str     0x00000000      0x213 main.o
                                0x1c2 (size before relaxing)
 .debug_str     0x00000213      0x1f2 startup.o

.comment        0x00000000       0x43
 .comment       0x00000000       0x43 main.o
                                 0x44 (size before relaxing)
 .comment       0x00000043       0x44 startup.o

.ARM.attributes
                0x00000000       0x2c
 .ARM.attributes
                0x00000000       0x2c main.o
 .ARM.attributes
                0x0000002c       0x2c startup.o

.debug_frame    0x00000000      0x114
 .debug_frame   0x00000000       0x8c main.o
 .debug_frame   0x0000008c       0x88 startup.o
